/system/addon.d/70-gapps.sh
/system/app/Gmail.apk
/system/app/Gmail.odex
/system/app/Gmail2.apk
/system/app/Gmail2.odex
/system/app/GmsCore.apk
/system/app/GmsCore.odex
/system/app/GoogleBackupTransport.apk
/system/app/GoogleBackupTransport.odex
/system/app/GoogleCalendarSyncAdapter.apk
/system/app/GoogleCalendarSyncAdapter.odex
/system/app/GoogleContactsSyncAdapter.apk
/system/app/GoogleContactsSyncAdapter.odex
/system/app/GoogleFeedback.apk
/system/app/GoogleFeedback.odex
/system/app/GoogleLoginService.apk
/system/app/GoogleLoginService.odex
/system/app/GooglePartnerSetup.apk
/system/app/GooglePartnerSetup.odex
/system/app/GoogleServicesFramework.apk
/system/app/GoogleServicesFramework.odex
/system/app/Hangouts.apk
/system/app/Hangouts.odex
/system/app/NetworkLocation.apk
/system/app/NetworkLocation.odex
/system/app/Phonesky.apk
/system/app/Phonesky.odex
/system/app/SetupWizard.apk
/system/app/SetupWizard.odex
/system/app/Talk.apk
/system/app/Talk.odex
/system/app/Vending.apk
/system/app/Vending.odex
/system/etc/g.prop
/system/etc/permissions/com.google.android.maps.xml
/system/etc/permissions/com.google.android.media.effects.xml
/system/etc/permissions/com.google.widevine.software.drm.xml
/system/etc/permissions/features.xml
/system/framework/com.google.android.maps.jar
/system/framework/com.google.android.maps.odex
/system/framework/com.google.android.media.effects.jar
/system/framework/com.google.android.media.effects.odex
/system/framework/com.google.widevine.software.drm.jar
/system/framework/com.google.widevine.software.drm.odex
/system/lib/libgtalk_jni.so
/system/lib/libgtalk_stabilize.so
/system/lib/libvideochat_jni.so
/system/lib/libvideochat_stabilize.so
/system/priv-app/GmsCore.apk
/system/priv-app/GmsCore.odex
/system/priv-app/GoogleBackupTransport.apk
/system/priv-app/GoogleBackupTransport.odex
/system/priv-app/GoogleFeedback.apk
/system/priv-app/GoogleFeedback.odex
/system/priv-app/GoogleLoginService.apk
/system/priv-app/GoogleLoginService.odex
/system/priv-app/GooglePartnerSetup.apk
/system/priv-app/GooglePartnerSetup.odex
/system/priv-app/GoogleServicesFramework.apk
/system/priv-app/GoogleServicesFramework.odex
/system/priv-app/Phonesky.apk
/system/priv-app/Phonesky.odex
/system/priv-app/SetupWizard.apk
/system/priv-app/SetupWizard.odex
